# vsim -onfinish stop -quiet work.tb_riscv 
# Start time: 23:20:48 on Apr 11,2026
# ** Note: (vsim-8009) Loading existing optimized design _opt1
# //  Questa Intel Starter FPGA Edition-64
# //  Version 2024.3 win64 Sep 10 2024
# //
# // Unpublished work. Copyright 2024 Siemens
# //
# // This material contains trade secrets or otherwise confidential information
# // owned by Siemens Industry Software Inc. or its affiliates (collectively,
# // "SISW"), or its licensors. Access to and use of this information is strictly
# // limited as set forth in the Customer's applicable agreements with SISW.
# //
# // This material may not be copied, distributed, or otherwise disclosed outside
# // of the Customer's facilities without the express written permission of SISW,
# // and may not be used in any way not expressly authorized by SISW.
# //
# ** Note: (vsim-8009) Loading existing optimized design _opt1
# BENCH cycles=501 instret=501 cpi=1.000000
# PASS
# ** Note: $finish    : Testbench/tb_riscv.sv(59)
#    Time: 5035 ns  Iteration: 1  Instance: /tb_riscv
# Break at Testbench/tb_riscv.sv line 59
# Stopped at Testbench/tb_riscv.sv line 59
# ** Note: (vsim-8009) Loading existing optimized design _opt1
# BENCH cycles=278 instret=278 cpi=1.000000
# PASS
# ** Note: $finish    : Testbench/tb_riscv.sv(59)
#    Time: 2805 ns  Iteration: 1  Instance: /tb_riscv
# Break at Testbench/tb_riscv.sv line 59
# Stopped at Testbench/tb_riscv.sv line 59
# ** Note: (vsim-8009) Loading existing optimized design _opt1
# BENCH cycles=94 instret=94 cpi=1.000000
# PASS
# ** Note: $finish    : Testbench/tb_riscv.sv(59)
#    Time: 965 ns  Iteration: 1  Instance: /tb_riscv
# Break at Testbench/tb_riscv.sv line 59
# Stopped at Testbench/tb_riscv.sv line 59
# ** Note: (vsim-8009) Loading existing optimized design _opt1
# BENCH cycles=521 instret=521 cpi=1.000000
# PASS
# ** Note: $finish    : Testbench/tb_riscv.sv(59)
#    Time: 5235 ns  Iteration: 1  Instance: /tb_riscv
# Break at Testbench/tb_riscv.sv line 59
# Stopped at Testbench/tb_riscv.sv line 59
# ** Note: (vsim-8009) Loading existing optimized design _opt1
# BENCH cycles=234 instret=234 cpi=1.000000
# PASS
# ** Note: $finish    : Testbench/tb_riscv.sv(59)
#    Time: 2365 ns  Iteration: 1  Instance: /tb_riscv
# Break at Testbench/tb_riscv.sv line 59
# Stopped at Testbench/tb_riscv.sv line 59
# ** Note: (vsim-8009) Loading existing optimized design _opt1
# BENCH cycles=524 instret=524 cpi=1.000000
# PASS
# ** Note: $finish    : Testbench/tb_riscv.sv(59)
#    Time: 5265 ns  Iteration: 1  Instance: /tb_riscv
# Break at Testbench/tb_riscv.sv line 59
# Stopped at Testbench/tb_riscv.sv line 59
# ** Note: (vsim-8009) Loading existing optimized design _opt1
# BENCH cycles=241 instret=241 cpi=1.000000
# PASS
# ** Note: $finish    : Testbench/tb_riscv.sv(59)
#    Time: 2435 ns  Iteration: 1  Instance: /tb_riscv
# Break at Testbench/tb_riscv.sv line 59
# Stopped at Testbench/tb_riscv.sv line 59
# ** Note: (vsim-8009) Loading existing optimized design _opt1
# BENCH cycles=523 instret=523 cpi=1.000000
# PASS
# ** Note: $finish    : Testbench/tb_riscv.sv(59)
#    Time: 5255 ns  Iteration: 1  Instance: /tb_riscv
# Break at Testbench/tb_riscv.sv line 59
# Stopped at Testbench/tb_riscv.sv line 59
# ** Note: (vsim-8009) Loading existing optimized design _opt1
# BENCH cycles=243 instret=243 cpi=1.000000
# PASS
# ** Note: $finish    : Testbench/tb_riscv.sv(59)
#    Time: 2455 ns  Iteration: 1  Instance: /tb_riscv
# Break at Testbench/tb_riscv.sv line 59
# Stopped at Testbench/tb_riscv.sv line 59
# ** Note: (vsim-8009) Loading existing optimized design _opt1
# BENCH cycles=327 instret=327 cpi=1.000000
# PASS
# ** Note: $finish    : Testbench/tb_riscv.sv(59)
#    Time: 3295 ns  Iteration: 1  Instance: /tb_riscv
# Break at Testbench/tb_riscv.sv line 59
# Stopped at Testbench/tb_riscv.sv line 59
# ** Note: (vsim-8009) Loading existing optimized design _opt1
# BENCH cycles=345 instret=345 cpi=1.000000
# PASS
# ** Note: $finish    : Testbench/tb_riscv.sv(59)
#    Time: 3475 ns  Iteration: 1  Instance: /tb_riscv
# Break at Testbench/tb_riscv.sv line 59
# Stopped at Testbench/tb_riscv.sv line 59
# ** Note: (vsim-8009) Loading existing optimized design _opt1
# BENCH cycles=370 instret=370 cpi=1.000000
# PASS
# ** Note: $finish    : Testbench/tb_riscv.sv(59)
#    Time: 3725 ns  Iteration: 1  Instance: /tb_riscv
# Break at Testbench/tb_riscv.sv line 59
# Stopped at Testbench/tb_riscv.sv line 59
# ** Note: (vsim-8009) Loading existing optimized design _opt1
# BENCH cycles=327 instret=327 cpi=1.000000
# PASS
# ** Note: $finish    : Testbench/tb_riscv.sv(59)
#    Time: 3295 ns  Iteration: 1  Instance: /tb_riscv
# Break at Testbench/tb_riscv.sv line 59
# Stopped at Testbench/tb_riscv.sv line 59
# ** Note: (vsim-8009) Loading existing optimized design _opt1
# BENCH cycles=352 instret=352 cpi=1.000000
# PASS
# ** Note: $finish    : Testbench/tb_riscv.sv(59)
#    Time: 3545 ns  Iteration: 1  Instance: /tb_riscv
# Break at Testbench/tb_riscv.sv line 59
# Stopped at Testbench/tb_riscv.sv line 59
# ** Note: (vsim-8009) Loading existing optimized design _opt1
# BENCH cycles=327 instret=327 cpi=1.000000
# PASS
# ** Note: $finish    : Testbench/tb_riscv.sv(59)
#    Time: 3295 ns  Iteration: 1  Instance: /tb_riscv
# Break at Testbench/tb_riscv.sv line 59
# Stopped at Testbench/tb_riscv.sv line 59
# ** Note: (vsim-8009) Loading existing optimized design _opt1
# BENCH cycles=91 instret=91 cpi=1.000000
# PASS
# ** Note: $finish    : Testbench/tb_riscv.sv(59)
#    Time: 935 ns  Iteration: 1  Instance: /tb_riscv
# Break at Testbench/tb_riscv.sv line 59
# Stopped at Testbench/tb_riscv.sv line 59
# ** Note: (vsim-8009) Loading existing optimized design _opt1
# BENCH cycles=151 instret=151 cpi=1.000000
# PASS
# ** Note: $finish    : Testbench/tb_riscv.sv(59)
#    Time: 1535 ns  Iteration: 1  Instance: /tb_riscv
# Break at Testbench/tb_riscv.sv line 59
# Stopped at Testbench/tb_riscv.sv line 59
# ** Note: (vsim-8009) Loading existing optimized design _opt1
# BENCH cycles=289 instret=289 cpi=1.000000
# PASS
# ** Note: $finish    : Testbench/tb_riscv.sv(59)
#    Time: 2915 ns  Iteration: 1  Instance: /tb_riscv
# Break at Testbench/tb_riscv.sv line 59
# Stopped at Testbench/tb_riscv.sv line 59
# ** Note: (vsim-8009) Loading existing optimized design _opt1
# BENCH cycles=289 instret=289 cpi=1.000000
# PASS
# ** Note: $finish    : Testbench/tb_riscv.sv(59)
#    Time: 2915 ns  Iteration: 1  Instance: /tb_riscv
# Break at Testbench/tb_riscv.sv line 59
# Stopped at Testbench/tb_riscv.sv line 59
# ** Note: (vsim-8009) Loading existing optimized design _opt1
# BENCH cycles=305 instret=305 cpi=1.000000
# PASS
# ** Note: $finish    : Testbench/tb_riscv.sv(59)
#    Time: 3075 ns  Iteration: 1  Instance: /tb_riscv
# Break at Testbench/tb_riscv.sv line 59
# Stopped at Testbench/tb_riscv.sv line 59
# ** Note: (vsim-8009) Loading existing optimized design _opt1
# BENCH cycles=314 instret=314 cpi=1.000000
# PASS
# ** Note: $finish    : Testbench/tb_riscv.sv(59)
#    Time: 3165 ns  Iteration: 1  Instance: /tb_riscv
# Break at Testbench/tb_riscv.sv line 59
# Stopped at Testbench/tb_riscv.sv line 59
# ** Note: (vsim-8009) Loading existing optimized design _opt1
# BENCH cycles=101 instret=101 cpi=1.000000
# PASS
# ** Note: $finish    : Testbench/tb_riscv.sv(59)
#    Time: 1035 ns  Iteration: 1  Instance: /tb_riscv
# Break at Testbench/tb_riscv.sv line 59
# Stopped at Testbench/tb_riscv.sv line 59
# ** Note: (vsim-8009) Loading existing optimized design _opt1
# BENCH cycles=319 instret=319 cpi=1.000000
# PASS
# ** Note: $finish    : Testbench/tb_riscv.sv(59)
#    Time: 3215 ns  Iteration: 1  Instance: /tb_riscv
# Break at Testbench/tb_riscv.sv line 59
# Stopped at Testbench/tb_riscv.sv line 59
# ** Note: (vsim-8009) Loading existing optimized design _opt1
# BENCH cycles=495 instret=495 cpi=1.000000
# PASS
# ** Note: $finish    : Testbench/tb_riscv.sv(59)
#    Time: 4975 ns  Iteration: 1  Instance: /tb_riscv
# Break at Testbench/tb_riscv.sv line 59
# Stopped at Testbench/tb_riscv.sv line 59
# ** Note: (vsim-8009) Loading existing optimized design _opt1
# BENCH cycles=273 instret=273 cpi=1.000000
# PASS
# ** Note: $finish    : Testbench/tb_riscv.sv(59)
#    Time: 2755 ns  Iteration: 1  Instance: /tb_riscv
# Break at Testbench/tb_riscv.sv line 59
# Stopped at Testbench/tb_riscv.sv line 59
# ** Note: (vsim-8009) Loading existing optimized design _opt1
# BENCH cycles=495 instret=495 cpi=1.000000
# PASS
# ** Note: $finish    : Testbench/tb_riscv.sv(59)
#    Time: 4975 ns  Iteration: 1  Instance: /tb_riscv
# Break at Testbench/tb_riscv.sv line 59
# Stopped at Testbench/tb_riscv.sv line 59
# ** Note: (vsim-8009) Loading existing optimized design _opt1
# BENCH cycles=273 instret=273 cpi=1.000000
# PASS
# ** Note: $finish    : Testbench/tb_riscv.sv(59)
#    Time: 2755 ns  Iteration: 1  Instance: /tb_riscv
# Break at Testbench/tb_riscv.sv line 59
# Stopped at Testbench/tb_riscv.sv line 59
# ** Note: (vsim-8009) Loading existing optimized design _opt1
# BENCH cycles=529 instret=529 cpi=1.000000
# PASS
# ** Note: $finish    : Testbench/tb_riscv.sv(59)
#    Time: 5315 ns  Iteration: 1  Instance: /tb_riscv
# Break at Testbench/tb_riscv.sv line 59
# Stopped at Testbench/tb_riscv.sv line 59
# ** Note: (vsim-8009) Loading existing optimized design _opt1
# BENCH cycles=277 instret=277 cpi=1.000000
# PASS
# ** Note: $finish    : Testbench/tb_riscv.sv(59)
#    Time: 2795 ns  Iteration: 1  Instance: /tb_riscv
# Break at Testbench/tb_riscv.sv line 59
# Stopped at Testbench/tb_riscv.sv line 59
# ** Note: (vsim-8009) Loading existing optimized design _opt1
# BENCH cycles=548 instret=548 cpi=1.000000
# PASS
# ** Note: $finish    : Testbench/tb_riscv.sv(59)
#    Time: 5505 ns  Iteration: 1  Instance: /tb_riscv
# Break at Testbench/tb_riscv.sv line 59
# Stopped at Testbench/tb_riscv.sv line 59
# ** Note: (vsim-8009) Loading existing optimized design _opt1
# BENCH cycles=292 instret=292 cpi=1.000000
# PASS
# ** Note: $finish    : Testbench/tb_riscv.sv(59)
#    Time: 2945 ns  Iteration: 1  Instance: /tb_riscv
# Break at Testbench/tb_riscv.sv line 59
# Stopped at Testbench/tb_riscv.sv line 59
# ** Note: (vsim-8009) Loading existing optimized design _opt1
# BENCH cycles=542 instret=542 cpi=1.000000
# PASS
# ** Note: $finish    : Testbench/tb_riscv.sv(59)
#    Time: 5445 ns  Iteration: 1  Instance: /tb_riscv
# Break at Testbench/tb_riscv.sv line 59
# Stopped at Testbench/tb_riscv.sv line 59
# ** Note: (vsim-8009) Loading existing optimized design _opt1
# BENCH cycles=286 instret=286 cpi=1.000000
# PASS
# ** Note: $finish    : Testbench/tb_riscv.sv(59)
#    Time: 2885 ns  Iteration: 1  Instance: /tb_riscv
# Break at Testbench/tb_riscv.sv line 59
# Stopped at Testbench/tb_riscv.sv line 59
# ** Note: (vsim-8009) Loading existing optimized design _opt1
# BENCH cycles=77 instret=77 cpi=1.000000
# PASS
# ** Note: $finish    : Testbench/tb_riscv.sv(59)
#    Time: 795 ns  Iteration: 1  Instance: /tb_riscv
# Break at Testbench/tb_riscv.sv line 59
# Stopped at Testbench/tb_riscv.sv line 59
# ** Note: (vsim-8009) Loading existing optimized design _opt1
# BENCH cycles=490 instret=490 cpi=1.000000
# PASS
# ** Note: $finish    : Testbench/tb_riscv.sv(59)
#    Time: 4925 ns  Iteration: 1  Instance: /tb_riscv
# Break at Testbench/tb_riscv.sv line 59
# Stopped at Testbench/tb_riscv.sv line 59
# ** Note: (vsim-8009) Loading existing optimized design _opt1
# BENCH cycles=543 instret=543 cpi=1.000000
# PASS
# ** Note: $finish    : Testbench/tb_riscv.sv(59)
#    Time: 5455 ns  Iteration: 1  Instance: /tb_riscv
# Break at Testbench/tb_riscv.sv line 59
# Stopped at Testbench/tb_riscv.sv line 59
# ** Note: (vsim-8009) Loading existing optimized design _opt1
# BENCH cycles=550 instret=550 cpi=1.000000
# PASS
# ** Note: $finish    : Testbench/tb_riscv.sv(59)
#    Time: 5525 ns  Iteration: 1  Instance: /tb_riscv
# Break at Testbench/tb_riscv.sv line 59
# Stopped at Testbench/tb_riscv.sv line 59
# ** Note: (vsim-8009) Loading existing optimized design _opt1
# BENCH cycles=493 instret=493 cpi=1.000000
# PASS
# ** Note: $finish    : Testbench/tb_riscv.sv(59)
#    Time: 4955 ns  Iteration: 1  Instance: /tb_riscv
# Break at Testbench/tb_riscv.sv line 59
# Stopped at Testbench/tb_riscv.sv line 59
